------------------------------------------------------------
Timing Analyzer Summary
------------------------------------------------------------

Type  : Slow 1200mV 85C Model Setup 'clk'
Slack : 4.249
TNS   : 0.000

Type  : Slow 1200mV 85C Model Setup 'ADC_Data_ins|ADC_ins|ADC_Conversion_ins|u0|altpll_sys|sd1|pll7|clk[0]'
Slack : 34.120
TNS   : 0.000

Type  : Slow 1200mV 85C Model Hold 'clk'
Slack : 0.324
TNS   : 0.000

Type  : Slow 1200mV 85C Model Hold 'ADC_Data_ins|ADC_ins|ADC_Conversion_ins|u0|altpll_sys|sd1|pll7|clk[0]'
Slack : 0.428
TNS   : 0.000

Type  : Slow 1200mV 85C Model Recovery 'ADC_Data_ins|ADC_ins|ADC_Conversion_ins|u0|altpll_sys|sd1|pll7|clk[0]'
Slack : 37.743
TNS   : 0.000

Type  : Slow 1200mV 85C Model Removal 'ADC_Data_ins|ADC_ins|ADC_Conversion_ins|u0|altpll_sys|sd1|pll7|clk[0]'
Slack : 1.013
TNS   : 0.000

Type  : Slow 1200mV 85C Model Minimum Pulse Width 'clk'
Slack : 9.571
TNS   : 0.000

Type  : Slow 1200mV 85C Model Minimum Pulse Width 'ADC_Data_ins|ADC_ins|ADC_Conversion_ins|u0|altpll_sys|sd1|pll7|clk[0]'
Slack : 19.762
TNS   : 0.000

Type  : Slow 1200mV 85C Model Minimum Pulse Width 'ADC_Data_ins|ADC_ins|ADC_Conversion_ins|u0|altpll_sys|sd1|pll7|clk[1]'
Slack : 244.375
TNS   : 0.000

Type  : Slow 1200mV 0C Model Setup 'clk'
Slack : 5.659
TNS   : 0.000

Type  : Slow 1200mV 0C Model Setup 'ADC_Data_ins|ADC_ins|ADC_Conversion_ins|u0|altpll_sys|sd1|pll7|clk[0]'
Slack : 34.674
TNS   : 0.000

Type  : Slow 1200mV 0C Model Hold 'clk'
Slack : 0.294
TNS   : 0.000

Type  : Slow 1200mV 0C Model Hold 'ADC_Data_ins|ADC_ins|ADC_Conversion_ins|u0|altpll_sys|sd1|pll7|clk[0]'
Slack : 0.355
TNS   : 0.000

Type  : Slow 1200mV 0C Model Recovery 'ADC_Data_ins|ADC_ins|ADC_Conversion_ins|u0|altpll_sys|sd1|pll7|clk[0]'
Slack : 37.912
TNS   : 0.000

Type  : Slow 1200mV 0C Model Removal 'ADC_Data_ins|ADC_ins|ADC_Conversion_ins|u0|altpll_sys|sd1|pll7|clk[0]'
Slack : 0.901
TNS   : 0.000

Type  : Slow 1200mV 0C Model Minimum Pulse Width 'clk'
Slack : 9.584
TNS   : 0.000

Type  : Slow 1200mV 0C Model Minimum Pulse Width 'ADC_Data_ins|ADC_ins|ADC_Conversion_ins|u0|altpll_sys|sd1|pll7|clk[0]'
Slack : 19.721
TNS   : 0.000

Type  : Slow 1200mV 0C Model Minimum Pulse Width 'ADC_Data_ins|ADC_ins|ADC_Conversion_ins|u0|altpll_sys|sd1|pll7|clk[1]'
Slack : 244.379
TNS   : 0.000

Type  : Fast 1200mV 0C Model Setup 'clk'
Slack : 12.109
TNS   : 0.000

Type  : Fast 1200mV 0C Model Setup 'ADC_Data_ins|ADC_ins|ADC_Conversion_ins|u0|altpll_sys|sd1|pll7|clk[0]'
Slack : 36.946
TNS   : 0.000

Type  : Fast 1200mV 0C Model Hold 'clk'
Slack : 0.148
TNS   : 0.000

Type  : Fast 1200mV 0C Model Hold 'ADC_Data_ins|ADC_ins|ADC_Conversion_ins|u0|altpll_sys|sd1|pll7|clk[0]'
Slack : 0.211
TNS   : 0.000

Type  : Fast 1200mV 0C Model Recovery 'ADC_Data_ins|ADC_ins|ADC_Conversion_ins|u0|altpll_sys|sd1|pll7|clk[0]'
Slack : 38.856
TNS   : 0.000

Type  : Fast 1200mV 0C Model Removal 'ADC_Data_ins|ADC_ins|ADC_Conversion_ins|u0|altpll_sys|sd1|pll7|clk[0]'
Slack : 0.484
TNS   : 0.000

Type  : Fast 1200mV 0C Model Minimum Pulse Width 'clk'
Slack : 9.325
TNS   : 0.000

Type  : Fast 1200mV 0C Model Minimum Pulse Width 'ADC_Data_ins|ADC_ins|ADC_Conversion_ins|u0|altpll_sys|sd1|pll7|clk[0]'
Slack : 19.771
TNS   : 0.000

Type  : Fast 1200mV 0C Model Minimum Pulse Width 'ADC_Data_ins|ADC_ins|ADC_Conversion_ins|u0|altpll_sys|sd1|pll7|clk[1]'
Slack : 244.903
TNS   : 0.000

------------------------------------------------------------
