------------------------------------------------------------
Timing Analyzer Summary
------------------------------------------------------------

Type  : Slow 1200mV 85C Model Setup 'clk'
Slack : 0.962
TNS   : 0.000

Type  : Slow 1200mV 85C Model Setup 'ADC_Data_ins|ADC_ins|ADC_Conversion_ins|u0|altpll_sys|sd1|pll7|clk[0]'
Slack : 33.442
TNS   : 0.000

Type  : Slow 1200mV 85C Model Hold 'clk'
Slack : 0.325
TNS   : 0.000

Type  : Slow 1200mV 85C Model Hold 'ADC_Data_ins|ADC_ins|ADC_Conversion_ins|u0|altpll_sys|sd1|pll7|clk[0]'
Slack : 0.428
TNS   : 0.000

Type  : Slow 1200mV 85C Model Recovery 'ADC_Data_ins|ADC_ins|ADC_Conversion_ins|u0|altpll_sys|sd1|pll7|clk[0]'
Slack : 38.076
TNS   : 0.000

Type  : Slow 1200mV 85C Model Removal 'ADC_Data_ins|ADC_ins|ADC_Conversion_ins|u0|altpll_sys|sd1|pll7|clk[0]'
Slack : 1.040
TNS   : 0.000

Type  : Slow 1200mV 85C Model Minimum Pulse Width 'clk'
Slack : 9.553
TNS   : 0.000

Type  : Slow 1200mV 85C Model Minimum Pulse Width 'ADC_Data_ins|ADC_ins|ADC_Conversion_ins|u0|altpll_sys|sd1|pll7|clk[0]'
Slack : 19.764
TNS   : 0.000

Type  : Slow 1200mV 85C Model Minimum Pulse Width 'ADC_Data_ins|ADC_ins|ADC_Conversion_ins|u0|altpll_sys|sd1|pll7|clk[1]'
Slack : 244.375
TNS   : 0.000

Type  : Slow 1200mV 0C Model Setup 'clk'
Slack : 2.749
TNS   : 0.000

Type  : Slow 1200mV 0C Model Setup 'ADC_Data_ins|ADC_ins|ADC_Conversion_ins|u0|altpll_sys|sd1|pll7|clk[0]'
Slack : 34.049
TNS   : 0.000

Type  : Slow 1200mV 0C Model Hold 'clk'
Slack : 0.294
TNS   : 0.000

Type  : Slow 1200mV 0C Model Hold 'ADC_Data_ins|ADC_ins|ADC_Conversion_ins|u0|altpll_sys|sd1|pll7|clk[0]'
Slack : 0.354
TNS   : 0.000

Type  : Slow 1200mV 0C Model Recovery 'ADC_Data_ins|ADC_ins|ADC_Conversion_ins|u0|altpll_sys|sd1|pll7|clk[0]'
Slack : 38.233
TNS   : 0.000

Type  : Slow 1200mV 0C Model Removal 'ADC_Data_ins|ADC_ins|ADC_Conversion_ins|u0|altpll_sys|sd1|pll7|clk[0]'
Slack : 0.936
TNS   : 0.000

Type  : Slow 1200mV 0C Model Minimum Pulse Width 'clk'
Slack : 9.563
TNS   : 0.000

Type  : Slow 1200mV 0C Model Minimum Pulse Width 'ADC_Data_ins|ADC_ins|ADC_Conversion_ins|u0|altpll_sys|sd1|pll7|clk[0]'
Slack : 19.721
TNS   : 0.000

Type  : Slow 1200mV 0C Model Minimum Pulse Width 'ADC_Data_ins|ADC_ins|ADC_Conversion_ins|u0|altpll_sys|sd1|pll7|clk[1]'
Slack : 244.379
TNS   : 0.000

Type  : Fast 1200mV 0C Model Setup 'clk'
Slack : 10.536
TNS   : 0.000

Type  : Fast 1200mV 0C Model Setup 'ADC_Data_ins|ADC_ins|ADC_Conversion_ins|u0|altpll_sys|sd1|pll7|clk[0]'
Slack : 36.546
TNS   : 0.000

Type  : Fast 1200mV 0C Model Hold 'clk'
Slack : 0.148
TNS   : 0.000

Type  : Fast 1200mV 0C Model Hold 'ADC_Data_ins|ADC_ins|ADC_Conversion_ins|u0|altpll_sys|sd1|pll7|clk[0]'
Slack : 0.211
TNS   : 0.000

Type  : Fast 1200mV 0C Model Recovery 'ADC_Data_ins|ADC_ins|ADC_Conversion_ins|u0|altpll_sys|sd1|pll7|clk[0]'
Slack : 39.046
TNS   : 0.000

Type  : Fast 1200mV 0C Model Removal 'ADC_Data_ins|ADC_ins|ADC_Conversion_ins|u0|altpll_sys|sd1|pll7|clk[0]'
Slack : 0.488
TNS   : 0.000

Type  : Fast 1200mV 0C Model Minimum Pulse Width 'clk'
Slack : 9.299
TNS   : 0.000

Type  : Fast 1200mV 0C Model Minimum Pulse Width 'ADC_Data_ins|ADC_ins|ADC_Conversion_ins|u0|altpll_sys|sd1|pll7|clk[0]'
Slack : 19.776
TNS   : 0.000

Type  : Fast 1200mV 0C Model Minimum Pulse Width 'ADC_Data_ins|ADC_ins|ADC_Conversion_ins|u0|altpll_sys|sd1|pll7|clk[1]'
Slack : 244.903
TNS   : 0.000

------------------------------------------------------------
