------------------------------------------------------------
Timing Analyzer Summary
------------------------------------------------------------

Type  : Slow 1200mV 85C Model Setup 'clk'
Slack : 2.972
TNS   : 0.000

Type  : Slow 1200mV 85C Model Setup 'ADC_Data_ins|ADC_ins|ADC_Conversion_ins|u0|altpll_sys|sd1|pll7|clk[0]'
Slack : 33.259
TNS   : 0.000

Type  : Slow 1200mV 85C Model Hold 'clk'
Slack : 0.325
TNS   : 0.000

Type  : Slow 1200mV 85C Model Hold 'ADC_Data_ins|ADC_ins|ADC_Conversion_ins|u0|altpll_sys|sd1|pll7|clk[0]'
Slack : 0.429
TNS   : 0.000

Type  : Slow 1200mV 85C Model Recovery 'ADC_Data_ins|ADC_ins|ADC_Conversion_ins|u0|altpll_sys|sd1|pll7|clk[0]'
Slack : 38.046
TNS   : 0.000

Type  : Slow 1200mV 85C Model Removal 'ADC_Data_ins|ADC_ins|ADC_Conversion_ins|u0|altpll_sys|sd1|pll7|clk[0]'
Slack : 0.977
TNS   : 0.000

Type  : Slow 1200mV 85C Model Minimum Pulse Width 'clk'
Slack : 9.568
TNS   : 0.000

Type  : Slow 1200mV 85C Model Minimum Pulse Width 'ADC_Data_ins|ADC_ins|ADC_Conversion_ins|u0|altpll_sys|sd1|pll7|clk[0]'
Slack : 19.774
TNS   : 0.000

Type  : Slow 1200mV 85C Model Minimum Pulse Width 'ADC_Data_ins|ADC_ins|ADC_Conversion_ins|u0|altpll_sys|sd1|pll7|clk[1]'
Slack : 244.375
TNS   : 0.000

Type  : Slow 1200mV 0C Model Setup 'clk'
Slack : 4.633
TNS   : 0.000

Type  : Slow 1200mV 0C Model Setup 'ADC_Data_ins|ADC_ins|ADC_Conversion_ins|u0|altpll_sys|sd1|pll7|clk[0]'
Slack : 33.888
TNS   : 0.000

Type  : Slow 1200mV 0C Model Hold 'clk'
Slack : 0.294
TNS   : 0.000

Type  : Slow 1200mV 0C Model Hold 'ADC_Data_ins|ADC_ins|ADC_Conversion_ins|u0|altpll_sys|sd1|pll7|clk[0]'
Slack : 0.354
TNS   : 0.000

Type  : Slow 1200mV 0C Model Recovery 'ADC_Data_ins|ADC_ins|ADC_Conversion_ins|u0|altpll_sys|sd1|pll7|clk[0]'
Slack : 38.193
TNS   : 0.000

Type  : Slow 1200mV 0C Model Removal 'ADC_Data_ins|ADC_ins|ADC_Conversion_ins|u0|altpll_sys|sd1|pll7|clk[0]'
Slack : 0.866
TNS   : 0.000

Type  : Slow 1200mV 0C Model Minimum Pulse Width 'clk'
Slack : 9.584
TNS   : 0.000

Type  : Slow 1200mV 0C Model Minimum Pulse Width 'ADC_Data_ins|ADC_ins|ADC_Conversion_ins|u0|altpll_sys|sd1|pll7|clk[0]'
Slack : 19.720
TNS   : 0.000

Type  : Slow 1200mV 0C Model Minimum Pulse Width 'ADC_Data_ins|ADC_ins|ADC_Conversion_ins|u0|altpll_sys|sd1|pll7|clk[1]'
Slack : 244.379
TNS   : 0.000

Type  : Fast 1200mV 0C Model Setup 'clk'
Slack : 11.650
TNS   : 0.000

Type  : Fast 1200mV 0C Model Setup 'ADC_Data_ins|ADC_ins|ADC_Conversion_ins|u0|altpll_sys|sd1|pll7|clk[0]'
Slack : 36.509
TNS   : 0.000

Type  : Fast 1200mV 0C Model Hold 'clk'
Slack : 0.148
TNS   : 0.000

Type  : Fast 1200mV 0C Model Hold 'ADC_Data_ins|ADC_ins|ADC_Conversion_ins|u0|altpll_sys|sd1|pll7|clk[0]'
Slack : 0.211
TNS   : 0.000

Type  : Fast 1200mV 0C Model Recovery 'ADC_Data_ins|ADC_ins|ADC_Conversion_ins|u0|altpll_sys|sd1|pll7|clk[0]'
Slack : 39.019
TNS   : 0.000

Type  : Fast 1200mV 0C Model Removal 'ADC_Data_ins|ADC_ins|ADC_Conversion_ins|u0|altpll_sys|sd1|pll7|clk[0]'
Slack : 0.466
TNS   : 0.000

Type  : Fast 1200mV 0C Model Minimum Pulse Width 'clk'
Slack : 9.324
TNS   : 0.000

Type  : Fast 1200mV 0C Model Minimum Pulse Width 'ADC_Data_ins|ADC_ins|ADC_Conversion_ins|u0|altpll_sys|sd1|pll7|clk[0]'
Slack : 19.771
TNS   : 0.000

Type  : Fast 1200mV 0C Model Minimum Pulse Width 'ADC_Data_ins|ADC_ins|ADC_Conversion_ins|u0|altpll_sys|sd1|pll7|clk[1]'
Slack : 244.903
TNS   : 0.000

------------------------------------------------------------
